// Jest Snapshot v1, https://goo.gl/fbAQLP

exports[`withBreakpoint render 1`] = `
<Hello
  a={false}
/>
`;
